###############################################################################
#
# IAR ELF Linker V8.11.1.13263/W32 for ARM                14/Apr/2018  17:48:33
# Copyright 2007-2017 IAR Systems AB.
#
#    Output file  =  
#        D:\STUDY_LJH\STM32CubeMX\Open746I-C\Test_STM32F746_Printf_USART1_3\Test_STM32F746_Printf_USART1_3_2017_1104\EWARM_811\Test_STM32F746_LED_IO_Printf_USART1_UART3_2017_1027B\Exe\Test_STM32F746_LED_IO_Printf_USART1_UART3_2017_1027B.out
#    Map file     =  
#        D:\STUDY_LJH\STM32CubeMX\Open746I-C\Test_STM32F746_Printf_USART1_3\Test_STM32F746_Printf_USART1_3_2017_1104\EWARM_811\Test_STM32F746_LED_IO_Printf_USART1_UART3_2017_1027B\List\Test_STM32F746_LED_IO_Printf_USART1_UART3_2017_1027B.map
#    Command line =  
#        -f C:\Users\ADMINI~1\AppData\Local\Temp\EW5806.tmp
#        (D:\STUDY_LJH\STM32CubeMX\Open746I-C\Test_STM32F746_Printf_USART1_3\Test_STM32F746_Printf_USART1_3_2017_1104\EWARM_811\Test_STM32F746_LED_IO_Printf_USART1_UART3_2017_1027B\Obj\main.o
#        D:\STUDY_LJH\STM32CubeMX\Open746I-C\Test_STM32F746_Printf_USART1_3\Test_STM32F746_Printf_USART1_3_2017_1104\EWARM_811\Test_STM32F746_LED_IO_Printf_USART1_UART3_2017_1027B\Obj\protocol.o
#        D:\STUDY_LJH\STM32CubeMX\Open746I-C\Test_STM32F746_Printf_USART1_3\Test_STM32F746_Printf_USART1_3_2017_1104\EWARM_811\Test_STM32F746_LED_IO_Printf_USART1_UART3_2017_1027B\Obj\startup_stm32f746xx.o
#        D:\STUDY_LJH\STM32CubeMX\Open746I-C\Test_STM32F746_Printf_USART1_3\Test_STM32F746_Printf_USART1_3_2017_1104\EWARM_811\Test_STM32F746_LED_IO_Printf_USART1_UART3_2017_1027B\Obj\stm32f7xx_hal.o
#        D:\STUDY_LJH\STM32CubeMX\Open746I-C\Test_STM32F746_Printf_USART1_3\Test_STM32F746_Printf_USART1_3_2017_1104\EWARM_811\Test_STM32F746_LED_IO_Printf_USART1_UART3_2017_1027B\Obj\stm32f7xx_hal_cortex.o
#        D:\STUDY_LJH\STM32CubeMX\Open746I-C\Test_STM32F746_Printf_USART1_3\Test_STM32F746_Printf_USART1_3_2017_1104\EWARM_811\Test_STM32F746_LED_IO_Printf_USART1_UART3_2017_1027B\Obj\stm32f7xx_hal_dma.o
#        D:\STUDY_LJH\STM32CubeMX\Open746I-C\Test_STM32F746_Printf_USART1_3\Test_STM32F746_Printf_USART1_3_2017_1104\EWARM_811\Test_STM32F746_LED_IO_Printf_USART1_UART3_2017_1027B\Obj\stm32f7xx_hal_dma_ex.o
#        D:\STUDY_LJH\STM32CubeMX\Open746I-C\Test_STM32F746_Printf_USART1_3\Test_STM32F746_Printf_USART1_3_2017_1104\EWARM_811\Test_STM32F746_LED_IO_Printf_USART1_UART3_2017_1027B\Obj\stm32f7xx_hal_flash.o
#        D:\STUDY_LJH\STM32CubeMX\Open746I-C\Test_STM32F746_Printf_USART1_3\Test_STM32F746_Printf_USART1_3_2017_1104\EWARM_811\Test_STM32F746_LED_IO_Printf_USART1_UART3_2017_1027B\Obj\stm32f7xx_hal_flash_ex.o
#        D:\STUDY_LJH\STM32CubeMX\Open746I-C\Test_STM32F746_Printf_USART1_3\Test_STM32F746_Printf_USART1_3_2017_1104\EWARM_811\Test_STM32F746_LED_IO_Printf_USART1_UART3_2017_1027B\Obj\stm32f7xx_hal_gpio.o
#        D:\STUDY_LJH\STM32CubeMX\Open746I-C\Test_STM32F746_Printf_USART1_3\Test_STM32F746_Printf_USART1_3_2017_1104\EWARM_811\Test_STM32F746_LED_IO_Printf_USART1_UART3_2017_1027B\Obj\stm32f7xx_hal_i2c.o
#        D:\STUDY_LJH\STM32CubeMX\Open746I-C\Test_STM32F746_Printf_USART1_3\Test_STM32F746_Printf_USART1_3_2017_1104\EWARM_811\Test_STM32F746_LED_IO_Printf_USART1_UART3_2017_1027B\Obj\stm32f7xx_hal_i2c_ex.o
#        D:\STUDY_LJH\STM32CubeMX\Open746I-C\Test_STM32F746_Printf_USART1_3\Test_STM32F746_Printf_USART1_3_2017_1104\EWARM_811\Test_STM32F746_LED_IO_Printf_USART1_UART3_2017_1027B\Obj\stm32f7xx_hal_msp.o
#        D:\STUDY_LJH\STM32CubeMX\Open746I-C\Test_STM32F746_Printf_USART1_3\Test_STM32F746_Printf_USART1_3_2017_1104\EWARM_811\Test_STM32F746_LED_IO_Printf_USART1_UART3_2017_1027B\Obj\stm32f7xx_hal_pwr.o
#        D:\STUDY_LJH\STM32CubeMX\Open746I-C\Test_STM32F746_Printf_USART1_3\Test_STM32F746_Printf_USART1_3_2017_1104\EWARM_811\Test_STM32F746_LED_IO_Printf_USART1_UART3_2017_1027B\Obj\stm32f7xx_hal_pwr_ex.o
#        D:\STUDY_LJH\STM32CubeMX\Open746I-C\Test_STM32F746_Printf_USART1_3\Test_STM32F746_Printf_USART1_3_2017_1104\EWARM_811\Test_STM32F746_LED_IO_Printf_USART1_UART3_2017_1027B\Obj\stm32f7xx_hal_rcc.o
#        D:\STUDY_LJH\STM32CubeMX\Open746I-C\Test_STM32F746_Printf_USART1_3\Test_STM32F746_Printf_USART1_3_2017_1104\EWARM_811\Test_STM32F746_LED_IO_Printf_USART1_UART3_2017_1027B\Obj\stm32f7xx_hal_rcc_ex.o
#        D:\STUDY_LJH\STM32CubeMX\Open746I-C\Test_STM32F746_Printf_USART1_3\Test_STM32F746_Printf_USART1_3_2017_1104\EWARM_811\Test_STM32F746_LED_IO_Printf_USART1_UART3_2017_1027B\Obj\stm32f7xx_hal_tim.o
#        D:\STUDY_LJH\STM32CubeMX\Open746I-C\Test_STM32F746_Printf_USART1_3\Test_STM32F746_Printf_USART1_3_2017_1104\EWARM_811\Test_STM32F746_LED_IO_Printf_USART1_UART3_2017_1027B\Obj\stm32f7xx_hal_tim_ex.o
#        D:\STUDY_LJH\STM32CubeMX\Open746I-C\Test_STM32F746_Printf_USART1_3\Test_STM32F746_Printf_USART1_3_2017_1104\EWARM_811\Test_STM32F746_LED_IO_Printf_USART1_UART3_2017_1027B\Obj\stm32f7xx_hal_uart.o
#        D:\STUDY_LJH\STM32CubeMX\Open746I-C\Test_STM32F746_Printf_USART1_3\Test_STM32F746_Printf_USART1_3_2017_1104\EWARM_811\Test_STM32F746_LED_IO_Printf_USART1_UART3_2017_1027B\Obj\stm32f7xx_it.o
#        D:\STUDY_LJH\STM32CubeMX\Open746I-C\Test_STM32F746_Printf_USART1_3\Test_STM32F746_Printf_USART1_3_2017_1104\EWARM_811\Test_STM32F746_LED_IO_Printf_USART1_UART3_2017_1027B\Obj\system_stm32f7xx.o
#        --redirect _Printf=_PrintfFull --redirect _Scanf=_ScanfFull -o
#        D:\STUDY_LJH\STM32CubeMX\Open746I-C\Test_STM32F746_Printf_USART1_3\Test_STM32F746_Printf_USART1_3_2017_1104\EWARM_811\Test_STM32F746_LED_IO_Printf_USART1_UART3_2017_1027B\Exe\Test_STM32F746_LED_IO_Printf_USART1_UART3_2017_1027B.out
#        --map
#        D:\STUDY_LJH\STM32CubeMX\Open746I-C\Test_STM32F746_Printf_USART1_3\Test_STM32F746_Printf_USART1_3_2017_1104\EWARM_811\Test_STM32F746_LED_IO_Printf_USART1_UART3_2017_1027B\List\Test_STM32F746_LED_IO_Printf_USART1_UART3_2017_1027B.map
#        --config
#        D:\STUDY_LJH\STM32CubeMX\Open746I-C\Test_STM32F746_Printf_USART1_3\Test_STM32F746_Printf_USART1_3_2017_1104\EWARM_811/stm32f746xx_flash.icf
#        --semihosting --entry __iar_program_start --vfe --text_out locale)
#
###############################################################################

*******************************************************************************
*** RUNTIME MODEL ATTRIBUTES
***

CppFlavor       = *
__SystemLibrary = DLib
__dlib_version  = 6


*******************************************************************************
*** HEAP SELECTION
***

The basic heap was selected because no calls to memory allocation
functions were found in the application outside of system library
functions, and there are calls to deallocation functions in the
application.


*******************************************************************************
*** PLACEMENT SUMMARY
***

"A0":  place at 0x08000000 { ro section .intvec };
"P1":  place in [from 0x08000000 to 0x080fffff] { ro };
"P2":  place in [from 0x20000000 to 0x2004ffff] { rw, block CSTACK, block HEAP };
initialize by copy { rw };

  Section            Kind        Address    Size  Object
  -------            ----        -------    ----  ------
"A0":                                      0x1c8
  .intvec            ro code  0x08000000   0x1c8  startup_stm32f746xx.o [1]
                            - 0x080001c8   0x1c8

"P1":                                     0x3885
  .text              ro code  0x080001c8   0xf4e  xprintffull.o [3]
  .text              ro code  0x08001116    0x1e  xencoding_8859_1.o [3]
  .text              ro code  0x08001134    0x7c  xlocale_c.o [3]
  .text              ro code  0x080011b0    0x16  strchr.o [5]
  .text              ro code  0x080011c8    0x44  xfail_s.o [3]
  .text              ro code  0x0800120c    0x36  strlen.o [5]
  .text              ro code  0x08001244    0x58  memchr.o [5]
  .text              ro code  0x0800129c     0xa  xmbcurmax.o [3]
  .text              ro code  0x080012a8    0xa6  ABImemcpy.o [5]
  .text              ro code  0x08001350    0xee  I64DivMod.o [5]
  .text              ro code  0x08001440   0x192  DblMul.o [4]
  .text              ro code  0x080015d4    0x70  frexp.o [4]
  .text              ro code  0x08001644    0x2e  DblCmpLe.o [4]
  .text              ro code  0x08001674    0x2e  DblCmpGe.o [4]
  .text              ro code  0x080016a4   0x13a  ldexp.o [4]
  .text              ro code  0x080017e0    0x3a  DblToS32.o [4]
  .text              ro code  0x0800181c    0x22  S32ToDbl.o [4]
  .text              ro code  0x08001840    0xe2  DblSub.o [4]
  .text              ro code  0x08001924   0x246  DblDiv.o [4]
  .text              ro code  0x08001b6c    0x28  DblToU32.o [4]
  .text              ro code  0x08001b94    0x1a  U32ToDbl.o [4]
  .text              ro code  0x08001bae     0x6  abort.o [3]
  .text              ro code  0x08001bb4     0x2  I64DivZer.o [5]
  .text              ro code  0x08001bb8   0x168  DblAdd.o [4]
  .text              ro code  0x08001d20    0x14  exit.o [6]
  .text              ro code  0x08001d34   0x6c8  stm32f7xx_hal_uart.o [1]
  .text              ro code  0x080023fc    0xf8  stm32f7xx_hal_msp.o [1]
  .text              ro code  0x080024f4     0xc  stm32f7xx_hal.o [1]
  .text              ro code  0x08002500    0x24  stm32f7xx_hal_dma.o [1]
  .text              ro code  0x08002524     0x2  stm32f7xx_hal_uart.o [1]
  .text              ro code  0x08002526     0x2  stm32f7xx_hal_uart.o [1]
  .text              ro code  0x08002528     0x2  stm32f7xx_hal_uart.o [1]
  .text              ro code  0x0800252c   0x4e0  stm32f7xx_hal_rcc.o [1]
  .text              ro code  0x08002a0c    0xe6  stm32f7xx_hal_cortex.o [1]
  .text              ro code  0x08002af4   0x1e8  stm32f7xx_hal_gpio.o [1]
  .text              ro code  0x08002cdc    0x28  stm32f7xx_hal.o [1]
  .text              ro code  0x08002d04   0x47c  stm32f7xx_hal_rcc_ex.o [1]
  .text              ro code  0x08003180   0x250  main.o [1]
  .text              ro code  0x080033d0    0x16  stm32f7xx_hal.o [1]
  .text              ro code  0x080033e8    0x74  stm32f7xx_hal_pwr_ex.o [1]
  .text              ro code  0x0800345c    0xe0  protocol.o [1]
  .text              ro code  0x0800353c     0x6  ABImemclr.o [5]
  .text              ro code  0x08003544    0x5e  ABImemset.o [5]
  .text              ro code  0x080035a4    0xbc  stm32f7xx_it.o [1]
  .text              ro code  0x08003660    0x10  stm32f7xx_hal.o [1]
  .text              ro code  0x08003670    0x28  printf.o [3]
  .text              ro code  0x08003698    0x60  system_stm32f7xx.o [1]
  .text              ro code  0x080036f8    0x40  zero_init3.o [5]
  .text              ro code  0x08003738    0x38  packbits_init_single.o [5]
  .text              ro code  0x08003770    0x28  data_init.o [5]
  .text              ro code  0x08003798    0x22  fpinit_M.o [4]
  .iar.init_table    const    0x080037bc    0x20  - Linker created -
  .text              ro code  0x080037dc    0x1a  cmain.o [5]
  .text              ro code  0x080037f6     0x4  low_level_init.o [3]
  .text              ro code  0x080037fa     0x4  exit.o [3]
  .text              ro code  0x08003800     0xa  cexit.o [5]
  .text              ro code  0x0800380a    0x16  xprout.o [3]
  .text              ro code  0x08003820     0xc  putchar.o [3]
  .text              ro code  0x0800382c    0x10  startup_stm32f746xx.o [1]
  .text              ro code  0x0800383c     0xc  cstartup_M.o [5]
  .rodata            const    0x08003848     0x8  system_stm32f7xx.o [1]
  .rodata            const    0x08003850     0x6  xlocale_c.o [3]
  .text              ro code  0x08003856     0x4  startup_stm32f746xx.o [1]
  .text              ro code  0x0800385a     0x4  startup_stm32f746xx.o [1]
  .text              ro code  0x0800385e     0x4  startup_stm32f746xx.o [1]
  .text              ro code  0x08003862     0x4  startup_stm32f746xx.o [1]
  .text              ro code  0x08003866     0x4  startup_stm32f746xx.o [1]
  .text              ro code  0x0800386a     0x4  startup_stm32f746xx.o [1]
  .text              ro code  0x0800386e     0x4  startup_stm32f746xx.o [1]
  .text              ro code  0x08003872     0x4  startup_stm32f746xx.o [1]
  .text              ro code  0x08003876     0x4  startup_stm32f746xx.o [1]
  .text              ro code  0x0800387a     0x4  startup_stm32f746xx.o [1]
  .text              ro code  0x0800387e     0x4  startup_stm32f746xx.o [1]
  .text              ro code  0x08003882     0x4  startup_stm32f746xx.o [1]
  .text              ro code  0x08003886     0x4  startup_stm32f746xx.o [1]
  .text              ro code  0x0800388a     0x4  startup_stm32f746xx.o [1]
  .text              ro code  0x0800388e     0x4  startup_stm32f746xx.o [1]
  .text              ro code  0x08003892     0x4  startup_stm32f746xx.o [1]
  .text              ro code  0x08003896     0x4  startup_stm32f746xx.o [1]
  .text              ro code  0x0800389a     0x4  startup_stm32f746xx.o [1]
  .text              ro code  0x0800389e     0x4  startup_stm32f746xx.o [1]
  .text              ro code  0x080038a2     0x4  startup_stm32f746xx.o [1]
  .text              ro code  0x080038a6     0x4  startup_stm32f746xx.o [1]
  .text              ro code  0x080038aa     0x4  startup_stm32f746xx.o [1]
  .text              ro code  0x080038ae     0x4  startup_stm32f746xx.o [1]
  .text              ro code  0x080038b2     0x4  startup_stm32f746xx.o [1]
  .text              ro code  0x080038b6     0x4  startup_stm32f746xx.o [1]
  .text              ro code  0x080038ba     0x4  startup_stm32f746xx.o [1]
  .text              ro code  0x080038be     0x4  startup_stm32f746xx.o [1]
  .text              ro code  0x080038c2     0x4  startup_stm32f746xx.o [1]
  .text              ro code  0x080038c6     0x4  startup_stm32f746xx.o [1]
  .text              ro code  0x080038ca     0x4  startup_stm32f746xx.o [1]
  .text              ro code  0x080038ce     0x4  startup_stm32f746xx.o [1]
  .text              ro code  0x080038d2     0x4  startup_stm32f746xx.o [1]
  .text              ro code  0x080038d6     0x4  startup_stm32f746xx.o [1]
  .text              ro code  0x080038da     0x4  startup_stm32f746xx.o [1]
  .text              ro code  0x080038de     0x4  startup_stm32f746xx.o [1]
  .text              ro code  0x080038e2     0x4  startup_stm32f746xx.o [1]
  .text              ro code  0x080038e6     0x4  startup_stm32f746xx.o [1]
  .text              ro code  0x080038ea     0x4  startup_stm32f746xx.o [1]
  .text              ro code  0x080038ee     0x4  startup_stm32f746xx.o [1]
  .text              ro code  0x080038f2     0x4  startup_stm32f746xx.o [1]
  .text              ro code  0x080038f6     0x4  startup_stm32f746xx.o [1]
  .text              ro code  0x080038fa     0x4  startup_stm32f746xx.o [1]
  .text              ro code  0x080038fe     0x4  startup_stm32f746xx.o [1]
  .text              ro code  0x08003902     0x4  startup_stm32f746xx.o [1]
  .text              ro code  0x08003906     0x4  startup_stm32f746xx.o [1]
  .text              ro code  0x0800390a     0x4  startup_stm32f746xx.o [1]
  .text              ro code  0x0800390e     0x4  startup_stm32f746xx.o [1]
  .text              ro code  0x08003912     0x4  startup_stm32f746xx.o [1]
  .text              ro code  0x08003916     0x4  startup_stm32f746xx.o [1]
  .text              ro code  0x0800391a     0x4  startup_stm32f746xx.o [1]
  .text              ro code  0x0800391e     0x4  startup_stm32f746xx.o [1]
  .text              ro code  0x08003922     0x4  startup_stm32f746xx.o [1]
  .text              ro code  0x08003926     0x4  startup_stm32f746xx.o [1]
  .text              ro code  0x0800392a     0x4  startup_stm32f746xx.o [1]
  .text              ro code  0x0800392e     0x4  startup_stm32f746xx.o [1]
  .text              ro code  0x08003932     0x4  startup_stm32f746xx.o [1]
  .text              ro code  0x08003936     0x4  startup_stm32f746xx.o [1]
  .text              ro code  0x0800393a     0x4  startup_stm32f746xx.o [1]
  .text              ro code  0x0800393e     0x4  startup_stm32f746xx.o [1]
  .text              ro code  0x08003942     0x4  startup_stm32f746xx.o [1]
  .text              ro code  0x08003946     0x4  startup_stm32f746xx.o [1]
  .text              ro code  0x0800394a     0x4  startup_stm32f746xx.o [1]
  .text              ro code  0x0800394e     0x4  startup_stm32f746xx.o [1]
  .text              ro code  0x08003952     0x4  startup_stm32f746xx.o [1]
  .text              ro code  0x08003956     0x4  startup_stm32f746xx.o [1]
  .text              ro code  0x0800395a     0x4  startup_stm32f746xx.o [1]
  .text              ro code  0x0800395e     0x4  startup_stm32f746xx.o [1]
  .text              ro code  0x08003962     0x4  startup_stm32f746xx.o [1]
  .text              ro code  0x08003966     0x4  startup_stm32f746xx.o [1]
  .text              ro code  0x0800396a     0x4  startup_stm32f746xx.o [1]
  .text              ro code  0x0800396e     0x4  startup_stm32f746xx.o [1]
  .text              ro code  0x08003972     0x4  startup_stm32f746xx.o [1]
  .text              ro code  0x08003976     0x4  startup_stm32f746xx.o [1]
  .text              ro code  0x0800397a     0x4  startup_stm32f746xx.o [1]
  .text              ro code  0x0800397e     0x4  startup_stm32f746xx.o [1]
  .text              ro code  0x08003982     0x4  startup_stm32f746xx.o [1]
  .text              ro code  0x08003986     0x4  startup_stm32f746xx.o [1]
  .text              ro code  0x0800398a     0x4  startup_stm32f746xx.o [1]
  .text              ro code  0x0800398e     0x4  startup_stm32f746xx.o [1]
  .text              ro code  0x08003992     0x4  startup_stm32f746xx.o [1]
  .text              ro code  0x08003996     0x4  startup_stm32f746xx.o [1]
  .text              ro code  0x0800399a     0x4  startup_stm32f746xx.o [1]
  .text              ro code  0x0800399e     0x4  startup_stm32f746xx.o [1]
  .text              ro code  0x080039a2     0x4  startup_stm32f746xx.o [1]
  .text              ro code  0x080039a6     0x4  startup_stm32f746xx.o [1]
  .text              ro code  0x080039aa     0x4  startup_stm32f746xx.o [1]
  .text              ro code  0x080039ae     0x4  startup_stm32f746xx.o [1]
  .text              ro code  0x080039b2     0x4  startup_stm32f746xx.o [1]
  .text              ro code  0x080039b6     0x4  startup_stm32f746xx.o [1]
  .text              ro code  0x080039ba     0x4  startup_stm32f746xx.o [1]
  .text              ro code  0x080039be     0x4  startup_stm32f746xx.o [1]
  .text              ro code  0x080039c2     0x4  startup_stm32f746xx.o [1]
  .text              ro code  0x080039c6     0x4  startup_stm32f746xx.o [1]
  .text              ro code  0x080039ca     0x4  startup_stm32f746xx.o [1]
  .text              ro code  0x080039ce     0x4  startup_stm32f746xx.o [1]
  .rodata            const    0x080039d2     0x0  zero_init3.o [5]
  .rodata            const    0x080039d2     0x0  packbits_init_single.o [5]
  Initializer bytes  const    0x080039d2    0x7b  <for P2-1>
                            - 0x08003a4d  0x3885

"P2", part 1 of 3:                          0xcc
  P2-1                        0x20000000    0xcc  <Init block>
    .data            inited   0x20000000     0x4  system_stm32f7xx.o [1]
    .data            inited   0x20000004    0x38  xlocale_c.o [3]
    .data            inited   0x2000003c    0x48  xlocale_c.o [3]
    .data            inited   0x20000084    0x48  xfiles.o [3]
                            - 0x200000cc    0xcc

"P2", part 2 of 3:                         0x400
  CSTACK                      0x200000d0   0x400  <Block>
    CSTACK           uninit   0x200000d0   0x400  <Block tail>
                            - 0x200004d0   0x400

"P2", part 3 of 3:                         0x238
  .bss               zero     0x200004d0    0x84  protocol.o [1]
  .bss               zero     0x20000554    0x78  protocol.o [1]
  .bss               zero     0x200005cc    0x70  main.o [1]
  .bss               zero     0x2000063c    0x70  main.o [1]
  .bss               zero     0x200006ac    0x50  xfiles.o [3]
  .bss               zero     0x200006fc     0x4  stm32f7xx_hal.o [1]
  .bss               zero     0x20000700     0x4  xfail_s.o [3]
  .bss               zero     0x20000704     0x2  protocol.o [1]
  .bss               zero     0x20000706     0x2  protocol.o [1]
                            - 0x20000708   0x238


*******************************************************************************
*** INIT TABLE
***

          Address     Size
          -------     ----
Zero (__iar_zero_init3)
    1 destination range, total size 0x238:
          0x200004d0  0x238

Copy/packbits (__iar_packbits_init_single3)
    1 source range, total size 0x7b (60% of destination):
          0x080039d2   0x7b
    1 destination range, total size 0xcc:
          0x20000000   0xcc



*******************************************************************************
*** MODULE SUMMARY
***

    Module                  ro code  ro data  rw data
    ------                  -------  -------  -------
D:\STUDY_LJH\STM32CubeMX\Open746I-C\Test_STM32F746_Printf_USART1_3\Test_STM32F746_Printf_USART1_3_2017_1104\EWARM_811\Test_STM32F746_LED_IO_Printf_USART1_UART3_2017_1027B\Obj: [1]
    main.o                      592               224
    protocol.o                  224               256
    startup_stm32f746xx.o       852
    stm32f7xx_hal.o              90                 4
    stm32f7xx_hal_cortex.o      230
    stm32f7xx_hal_dma.o          36
    stm32f7xx_hal_gpio.o        488
    stm32f7xx_hal_msp.o         248
    stm32f7xx_hal_pwr_ex.o      116
    stm32f7xx_hal_rcc.o       1 248
    stm32f7xx_hal_rcc_ex.o    1 148
    stm32f7xx_hal_uart.o      1 742
    stm32f7xx_it.o              188
    system_stm32f7xx.o           96       10        4
    -------------------------------------------------
    Total:                    7 298       10      488

command line: [2]
    -------------------------------------------------
    Total:

dl7M_tlf.a: [3]
    abort.o                       6
    exit.o                        4
    low_level_init.o              4
    printf.o                     40
    putchar.o                    12
    xencoding_8859_1.o           30
    xfail_s.o                    68                 4
    xfiles.o                              44      152
    xlocale_c.o                 124       83      128
    xmbcurmax.o                  10
    xprintffull.o             3 918
    xprout.o                     22
    -------------------------------------------------
    Total:                    4 238      127      284

m7M_tls.a: [4]
    DblAdd.o                    360
    DblCmpGe.o                   46
    DblCmpLe.o                   46
    DblDiv.o                    582
    DblMul.o                    402
    DblSub.o                    226
    DblToS32.o                   58
    DblToU32.o                   40
    S32ToDbl.o                   34
    U32ToDbl.o                   26
    fpinit_M.o                   34
    frexp.o                     112
    ldexp.o                     314
    -------------------------------------------------
    Total:                    2 280

rt7M_tl.a: [5]
    ABImemclr.o                   6
    ABImemcpy.o                 166
    ABImemset.o                  94
    I64DivMod.o                 238
    I64DivZer.o                   2
    cexit.o                      10
    cmain.o                      26
    cstartup_M.o                 12
    data_init.o                  40
    memchr.o                     88
    packbits_init_single.o       56
    strchr.o                     22
    strlen.o                     54
    zero_init3.o                 64
    -------------------------------------------------
    Total:                      878

shb_l.a: [6]
    exit.o                       20
    -------------------------------------------------
    Total:                       20

    Gaps                         40        2
    Linker created                        32    1 024
-----------------------------------------------------
    Grand Total:             14 754      171    1 796


*******************************************************************************
*** ENTRY LIST
***

Entry                      Address   Size  Type      Object
-----                      -------   ----  ----      ------
.iar.init_table$$Base   0x080037bc          --   Gb  - Linker created -
.iar.init_table$$Limit  0x080037dc          --   Gb  - Linker created -
?main                   0x080037dd         Code  Gb  cmain.o [5]
AHBPrescTable           0x080036e8   0x10  Data  Gb  system_stm32f7xx.o [1]
APBPrescTable           0x08003848    0x8  Data  Gb  system_stm32f7xx.o [1]
BusFault_Handler        0x080035ab    0x2  Code  Gb  stm32f7xx_it.o [1]
CSTACK$$Base            0x200000d0          --   Gb  - Linker created -
CSTACK$$Limit           0x200004d0          --   Gb  - Linker created -
CacheMore               0x08001139   0x24  Code  Lc  xlocale_c.o [3]
DebugMon_Handler        0x080035b1    0x2  Code  Gb  stm32f7xx_it.o [1]
HAL_DMA_Abort_IT        0x08002501   0x24  Code  Gb  stm32f7xx_hal_dma.o [1]
HAL_GPIO_Init           0x08002af5  0x1aa  Code  Gb  stm32f7xx_hal_gpio.o [1]
HAL_GPIO_WritePin       0x08002c9f    0x8  Code  Gb  stm32f7xx_hal_gpio.o [1]
HAL_GetTick             0x080024f5    0xc  Code  Wk  stm32f7xx_hal.o [1]
HAL_IncTick             0x08003661   0x10  Code  Wk  stm32f7xx_hal.o [1]
HAL_Init                0x080033d1   0x16  Code  Gb  stm32f7xx_hal.o [1]
HAL_InitTick            0x08002cdd   0x28  Code  Wk  stm32f7xx_hal.o [1]
HAL_MspInit             0x080023fd   0x60  Code  Gb  stm32f7xx_hal_msp.o [1]
HAL_NVIC_EnableIRQ      0x08002a7b    0xc  Code  Gb  stm32f7xx_hal_cortex.o [1]
HAL_NVIC_SetPriority    0x08002a41   0x3a  Code  Gb  stm32f7xx_hal_cortex.o [1]
HAL_NVIC_SetPriorityGrouping
                        0x08002a27   0x1a  Code  Gb  stm32f7xx_hal_cortex.o [1]
HAL_PWREx_EnableOverDrive
                        0x080033e9   0x48  Code  Gb  stm32f7xx_hal_pwr_ex.o [1]
HAL_RCCEx_PeriphCLKConfig
                        0x08002d05  0x442  Code  Gb  stm32f7xx_hal_rcc_ex.o [1]
HAL_RCC_ClockConfig     0x0800284f  0x10c  Code  Gb  stm32f7xx_hal_rcc.o [1]
HAL_RCC_GetHCLKFreq     0x080029b9    0x6  Code  Gb  stm32f7xx_hal_rcc.o [1]
HAL_RCC_GetPCLK1Freq    0x080029bf   0x10  Code  Gb  stm32f7xx_hal_rcc.o [1]
HAL_RCC_GetPCLK2Freq    0x080029cf    0xe  Code  Gb  stm32f7xx_hal_rcc.o [1]
HAL_RCC_GetSysClockFreq
                        0x0800296f   0x4a  Code  Gb  stm32f7xx_hal_rcc.o [1]
HAL_RCC_OscConfig       0x0800252d  0x322  Code  Gb  stm32f7xx_hal_rcc.o [1]
HAL_SYSTICK_CLKSourceConfig
                        0x08002ab7   0x1a  Code  Gb  stm32f7xx_hal_cortex.o [1]
HAL_SYSTICK_Config      0x08002a8f   0x28  Code  Gb  stm32f7xx_hal_cortex.o [1]
HAL_SYSTICK_IRQHandler  0x08002aed    0x4  Code  Gb  stm32f7xx_hal_cortex.o [1]
HAL_UART_IRQHandler     0x08001e5b  0x170  Code  Gb  stm32f7xx_hal_uart.o [1]
HAL_UART_Init           0x08001d35   0x3c  Code  Gb  stm32f7xx_hal_uart.o [1]
HAL_UART_MspInit        0x0800245d   0x5e  Code  Gb  stm32f7xx_hal_msp.o [1]
HAL_UART_Transmit       0x08001daf   0xa2  Code  Gb  stm32f7xx_hal_uart.o [1]
HardFault_Handler       0x080035a7    0x2  Code  Gb  stm32f7xx_it.o [1]
InpBuffer               0x200004d0   0x80  Data  Gb  protocol.o [1]
InpIndxR                0x20000552    0x2  Data  Gb  protocol.o [1]
InpIndxW                0x20000704    0x2  Data  Gb  protocol.o [1]
LoadInt                 0x08000397   0x7a  Code  Lc  xprintffull.o [3]
MX_GPIO_Init            0x080032c7   0xb6  Code  Lc  main.o [1]
MemManage_Handler       0x080035a9    0x2  Code  Gb  stm32f7xx_it.o [1]
NMI_Handler             0x080035a5    0x2  Code  Gb  stm32f7xx_it.o [1]
NVIC_SetPriority        0x08002a0d   0x1a  Code  Lc  stm32f7xx_hal_cortex.o [1]
PTC_Uart1ClearBuffer    0x0800345d   0x2c  Code  Gb  protocol.o [1]
PTC_Uart1ReceivePacket  0x080034af   0x80  Code  Gb  protocol.o [1]
PendSV_Handler          0x080035b3    0x2  Code  Gb  stm32f7xx_it.o [1]
Region$$Table$$Base     0x080037bc          --   Gb  - Linker created -
Region$$Table$$Limit    0x080037dc          --   Gb  - Linker created -
SVC_Handler             0x080035af    0x2  Code  Gb  stm32f7xx_it.o [1]
SysTick_Handler         0x080035b5    0xe  Code  Gb  stm32f7xx_it.o [1]
SystemClock_Config      0x08003207   0xc0  Code  Gb  main.o [1]
SystemCoreClock         0x20000000    0x4  Data  Gb  system_stm32f7xx.o [1]
SystemInit              0x08003699   0x3a  Code  Gb  system_stm32f7xx.o [1]
UART1_InpLen            0x20000550    0x2  Data  Gb  protocol.o [1]
UART1_RecvChar          0x08003489   0x26  Code  Gb  protocol.o [1]
UART_AdvFeatureConfig   0x080022f9   0xc6  Code  Gb  stm32f7xx_hal_uart.o [1]
UART_CheckIdleState     0x080023bf   0x3e  Code  Gb  stm32f7xx_hal_uart.o [1]
UART_DMAAbortOnError    0x0800202d   0x10  Code  Lc  stm32f7xx_hal_uart.o [1]
UART_EndRxTransfer      0x080020b1   0x1c  Code  Lc  stm32f7xx_hal_uart.o [1]
UART_Receive_IT         0x0800203d   0x74  Code  Lc  stm32f7xx_hal_uart.o [1]
UART_SetConfig          0x080020cd  0x1fc  Code  Gb  stm32f7xx_hal_uart.o [1]
UART_WaitOnFlagUntilTimeout
                        0x08001fcb   0x5e  Code  Gb  stm32f7xx_hal_uart.o [1]
USART1_IRQHandler       0x080035c3   0x2a  Code  Gb  stm32f7xx_it.o [1]
USART3_IRQHandler       0x080035ed   0x40  Code  Gb  stm32f7xx_it.o [1]
UsageFault_Handler      0x080035ad    0x2  Code  Gb  stm32f7xx_it.o [1]
_Encoding_8859_1_Mbrlen
                        0x08001129    0x2  Code  Gb  xencoding_8859_1.o [3]
_Encoding_8859_1_Wctomb
                        0x08001117   0x12  Code  Gb  xencoding_8859_1.o [3]
_GenldFull              0x08000e0f  0x256  Code  Lc  xprintffull.o [3]
_LdtobFull              0x080009e7  0x3fe  Code  Lc  xprintffull.o [3]
_LitobFull              0x08000897  0x10a  Code  Lc  xprintffull.o [3]
_Locale_lconv           0x20000004   0x38  Data  Lc  xlocale_c.o [3]
_PrintfFull             0x080001c9  0x1b6  Code  Gb  xprintffull.o [3]
_Prout                  0x0800380b   0x16  Code  Gb  xprout.o [3]
_PutcharsFull           0x08001065   0x2e  Code  Lc  xprintffull.o [3]
_PutfldFull             0x08000411  0x2d0  Code  Lc  xprintffull.o [3]
_PutstrFull             0x080007d7   0xc0  Code  Lc  xprintffull.o [3]
_PuttxtFull             0x080006e1   0xf6  Code  Lc  xprintffull.o [3]
__aeabi_cdcmple         0x08001645         Code  Gb  DblCmpLe.o [4]
__aeabi_cdrcmple        0x08001675         Code  Gb  DblCmpGe.o [4]
__aeabi_d2iz            0x080017e1         Code  Gb  DblToS32.o [4]
__aeabi_d2uiz           0x08001b6d         Code  Gb  DblToU32.o [4]
__aeabi_ddiv            0x08001925         Code  Gb  DblDiv.o [4]
__aeabi_dmul            0x08001441         Code  Gb  DblMul.o [4]
__aeabi_dsub            0x08001841         Code  Gb  DblSub.o [4]
__aeabi_i2d             0x0800181d         Code  Gb  S32ToDbl.o [4]
__aeabi_ldiv0           0x08001bb5         Code  Gb  I64DivZer.o [5]
__aeabi_memclr          0x0800353d         Code  Gb  ABImemclr.o [5]
__aeabi_memcpy          0x080012a9         Code  Gb  ABImemcpy.o [5]
__aeabi_memcpy4         0x080012c9         Code  Gb  ABImemcpy.o [5]
__aeabi_memcpy8         0x080012c9         Code  Gb  ABImemcpy.o [5]
__aeabi_ui2d            0x08001b95         Code  Gb  U32ToDbl.o [4]
__aeabi_uldivmod        0x08001351         Code  Gb  I64DivMod.o [5]
__cmain                 0x080037dd         Code  Gb  cmain.o [5]
__exit                  0x08001d21   0x14  Code  Gb  exit.o [6]
__iar_Fail_s            0x080011c9   0x1e  Code  Gb  xfail_s.o [3]
__iar_Mbcurmax          0x0800129d    0xa  Code  Gb  xmbcurmax.o [3]
__iar_Memchr            0x08001245         Code  Gb  memchr.o [5]
__iar_Memset_word       0x08003545         Code  Gb  ABImemset.o [5]
__iar_Stdout            0x20000084   0x48  Data  Gb  xfiles.o [3]
__iar_Strchr            0x080011b1         Code  Gb  strchr.o [5]
__iar_dadd              0x08001851         Code  Gb  DblSub.o [4]
__iar_data_init3        0x08003771   0x28  Code  Gb  data_init.o [5]
__iar_dsub              0x08001bb9         Code  Gb  DblAdd.o [4]
__iar_dsubStart         0x08001bcb         Code  Gb  DblAdd.o [4]
__iar_frexp             0x080015e1         Code  Gb  frexp.o [4]
__iar_frexpl            0x080015e1         Code  Gb  frexp.o [4]
__iar_globLocale        0x2000003c   0x48  Data  Lc  xlocale_c.o [3]
__iar_global_Locale     0x08001135    0x4  Code  Gb  xlocale_c.o [3]
__iar_init_vfp          0x08003799         Code  Gb  fpinit_M.o [4]
__iar_ldexp64           0x080016a5         Code  Gb  ldexp.o [4]
__iar_packbits_init_single3
                        0x08003739   0x38  Code  Gb  packbits_init_single.o [5]
__iar_program_start     0x0800383d         Code  Gb  cstartup_M.o [5]
__iar_scalbln64         0x080016a5         Code  Gb  ldexp.o [4]
__iar_scalbn64          0x080016a5         Code  Gb  ldexp.o [4]
__iar_softfp___iar_frexp64
                        0x080015d5         Code  Gb  frexp.o [4]
__iar_softfp_frexp      0x080015d5         Code  Gb  frexp.o [4]
__iar_softfp_frexpl     0x080015d5         Code  Gb  frexp.o [4]
__iar_systems$$module {Abs}
                        0x00000001         Data  Gb  command line/config [2]
__iar_zero_init3        0x080036f9   0x40  Code  Gb  zero_init3.o [5]
__low_level_init        0x080037f7    0x4  Code  Gb  low_level_init.o [3]
__vector_table          0x08000000         Data  Gb  startup_stm32f746xx.o [1]
_call_main              0x080037e9         Code  Gb  cmain.o [5]
_exit                   0x08003801         Code  Gb  cexit.o [5]
_gLocale_mblen          0x08001199    0x4  Code  Gb  xlocale_c.o [3]
_gLocale_mblenInt       0x0800115d   0x2c  Code  Gb  xlocale_c.o [3]
_gLocale_wctomb         0x0800119d    0x4  Code  Gb  xlocale_c.o [3]
_gLocale_wctombInt      0x08001195    0x4  Code  Gb  xlocale_c.o [3]
_main                   0x080037f3         Code  Gb  cmain.o [5]
abort                   0x08001baf    0x6  Code  Gb  abort.o [3]
exit                    0x080037fb    0x4  Code  Gb  exit.o [3]
fputc                   0x08003393   0x14  Code  Gb  main.o [1]
huart1                  0x200005cc   0x70  Data  Gb  main.o [1]
huart3                  0x2000063c   0x70  Data  Gb  main.o [1]
ldexp                   0x080016a5         Code  Gb  ldexp.o [4]
ldexpl                  0x080016a5         Code  Gb  ldexp.o [4]
localeconv              0x080011a1    0x4  Code  Gb  xlocale_c.o [3]
main                    0x08003181   0x6c  Code  Gb  main.o [1]
memchr                  0x08001245         Code  Gb  memchr.o [5]
obuf                    0x200006ac   0x50  Data  Lc  xfiles.o [3]
printf                  0x08003671   0x28  Code  Gb  printf.o [3]
putchar                 0x08003821    0xc  Code  Gb  putchar.o [3]
s_Uart1RecvPacket       0x20000554   0x78  Data  Gb  protocol.o [1]
scalbln                 0x080016a5         Code  Gb  ldexp.o [4]
scalblnl                0x080016a5         Code  Gb  ldexp.o [4]
scalbn                  0x080016a5         Code  Gb  ldexp.o [4]
scalbnl                 0x080016a5         Code  Gb  ldexp.o [4]
scale                   0x080009a1   0x46  Code  Lc  xprintffull.o [3]
sec_hand                0x20000700    0x4  Data  Lc  xfail_s.o [3]
strchr                  0x080011b1         Code  Gb  strchr.o [5]
strlen                  0x0800120d         Code  Gb  strlen.o [5]
uart1_ring_read_pointer
                        0x20000706    0x1  Data  Gb  protocol.o [1]
uart1_ring_write_pointer
                        0x20000707    0x1  Data  Gb  protocol.o [1]
uwTick                  0x200006fc    0x4  Data  Gb  stm32f7xx_hal.o [1]


[1] = D:\STUDY_LJH\STM32CubeMX\Open746I-C\Test_STM32F746_Printf_USART1_3\Test_STM32F746_Printf_USART1_3_2017_1104\EWARM_811\Test_STM32F746_LED_IO_Printf_USART1_UART3_2017_1027B\Obj
[2] = command line
[3] = dl7M_tlf.a
[4] = m7M_tls.a
[5] = rt7M_tl.a
[6] = shb_l.a

  14 754 bytes of readonly  code memory
     171 bytes of readonly  data memory
   1 796 bytes of readwrite data memory

Errors: none
Warnings: none
